stream packets=478771 bytes=90008948 sync-errors=0 tei=0 continuity-errors=0 queue-drops=0 usb-errors=0 empty-intervals=7882

stream packets=478869 bytes=90027372 sync-errors=0 tei=0 continuity-errors=0 queue-drops=0 usb-errors=0 empty-intervals=7886

stream packets=345036 bytes=64866768 sync-errors=0 tei=0 continuity-errors=0 queue-drops=0 usb-errors=0 empty-intervals=7954

stream packets=345691 bytes=64989908 sync-errors=0 tei=0 continuity-errors=0 queue-drops=0 usb-errors=0 empty-intervals=7948

px4-ts: PROTOCOL_ERROR
written packets=478767 bytes=90008196
STOP_STREAM packets=478767 bytes=90008196 sync-errors=0 tei=0 continuity-errors=8 queue-drops=0 usb-errors=0 empty-intervals=9472
STREAM_END packets=478767 bytes=90008196 sync-errors=0 tei=0 continuity-errors=8 queue-drops=0 usb-errors=0 empty-intervals=9472
STREAM_END error=0

px4-ts: PROTOCOL_ERROR
written packets=477817 bytes=89829596
STOP_STREAM packets=477817 bytes=89829596 sync-errors=0 tei=0 continuity-errors=8 queue-drops=0 usb-errors=0 empty-intervals=9461
STREAM_END packets=477817 bytes=89829596 sync-errors=0 tei=0 continuity-errors=8 queue-drops=0 usb-errors=0 empty-intervals=9461
STREAM_END error=0

px4-ts: PROTOCOL_ERROR
written packets=345146 bytes=64887448
STOP_STREAM packets=345146 bytes=64887448 sync-errors=0 tei=0 continuity-errors=7 queue-drops=0 usb-errors=0 empty-intervals=9548
STREAM_END packets=345146 bytes=64887448 sync-errors=0 tei=0 continuity-errors=7 queue-drops=0 usb-errors=0 empty-intervals=9548
STREAM_END error=0

px4-ts: PROTOCOL_ERROR
written packets=341038 bytes=64115144
STOP_STREAM packets=341038 bytes=64115144 sync-errors=0 tei=10933 continuity-errors=649 queue-drops=0 usb-errors=0 empty-intervals=9547
STREAM_END packets=341038 bytes=64115144 sync-errors=0 tei=10933 continuity-errors=649 queue-drops=0 usb-errors=0 empty-intervals=9547
STREAM_END error=0

